// Jest Snapshot v1, https://goo.gl/fbAQLP

exports[`snapshot test 1`] = `
<DocumentFragment>
  <div
    class="CompanyList"
  >
    <form>
      <input
        placeholder="Search for company name..."
        type="text"
        value=""
      />
    </form>
  </div>
</DocumentFragment>
`;
