// Jest Snapshot v1, https://goo.gl/fbAQLP

exports[`snapshot test 1`] = `
<DocumentFragment>
  <div
    class="App"
  >
    <div
      class="NavBar"
    >
      <header
        class="MuiPaper-root MuiAppBar-root MuiAppBar-positionStatic MuiAppBar-colorPrimary MuiPaper-elevation4"
      >
        <div
          class="MuiToolbar-root MuiToolbar-regular MuiToolbar-gutters"
        >
          <button
            aria-label="menu"
            class="MuiButtonBase-root MuiIconButton-root makeStyles-menuButton-5 MuiIconButton-colorInherit MuiIconButton-edgeStart"
            tabindex="0"
            type="button"
          >
            <span
              class="MuiIconButton-label"
            >
              <a
                class="makeStyles-title-6"
                href="/"
                variant="h6"
              >
                Jobly
              </a>
            </span>
            <span
              class="MuiTouchRipple-root"
            />
          </button>
          <div
            class="NavBar-routes"
          >
            <a
              href="/login"
            >
              Login
            </a>
            <a
              href="/signup"
            >
              Sign up
            </a>
          </div>
        </div>
      </header>
    </div>
    <div
      class="Login"
    >
      <h4
        class="MuiTypography-root Login-heading MuiTypography-h4"
      >
        Log In
      </h4>
      <form
        class="Login-form"
      >
        <label
          for="username"
        >
          Username
        </label>
        <input
          id="username"
          name="username"
          type="text"
        />
        <label
          for="password"
        >
          Password
        </label>
        <input
          id="password"
          name="password"
          type="password"
        />
        <div
          class="Login-btn-wrapper"
        >
          <button
            class="Login-btn"
            type="submit"
          >
            Submit
          </button>
        </div>
      </form>
    </div>
  </div>
</DocumentFragment>
`;
